Restore Archived Project report for CAM2HDMI
Mon Apr 08 11:21:57 2019
Quartus Prime Version 16.1.0 Build 196 10/24/2016 SJ Lite Edition


---------------------
; Table of Contents ;
---------------------
  1. Legal Notice
  2. Restore Archived Project Summary
  3. Restore Archived Project Messages
  4. Files Restored
  5. Files Not Restored



----------------
; Legal Notice ;
----------------
Copyright (C) 2016  Intel Corporation. All rights reserved.
Your use of Intel Corporation's design tools, logic functions 
and other software and tools, and its AMPP partner logic 
functions, and any output files from any of the foregoing 
(including device programming or simulation files), and any 
associated documentation or information are expressly subject 
to the terms and conditions of the Intel Program License 
Subscription Agreement, the Intel Quartus Prime License Agreement,
the Intel MegaCore Function License Agreement, or other 
applicable license agreement, including, without limitation, 
that your use is for the sole purpose of programming logic 
devices manufactured by Intel and sold by Intel or its 
authorized distributors.  Please refer to the applicable 
agreement for further details.



+-------------------------------------------------------------------------+
; Restore Archived Project Summary                                        ;
+---------------------------------+---------------------------------------+
; Restore Archived Project Status ; Successful - Mon Apr 08 11:21:57 2019 ;
; Revision Name                   ; CAM2HDMI                              ;
; Top-level Entity Name           ; claire_top                            ;
; Family                          ; Cyclone V                             ;
+---------------------------------+---------------------------------------+


+-----------------------------------+
; Restore Archived Project Messages ;
+-----------------------------------+
Info: Successfully restored 'E:/Galaxy/GFEC/02_Altera/Altera_DemoBoard/CV_GX_Claire_Kit/project/AR0134_to_AD9889B.qar' into the 'E:/Galaxy/GFEC/02_Altera/Altera_DemoBoard/CV_GX_Claire_Kit/project/AR0134_to_AD9889B_restored/' directory
Info: Generated report 'CAM2HDMI.restore.rpt'
Info (23030): Evaluation of Tcl script c:/intelfpga_lite/16.1/quartus/common/tcl/apps/qpm/qar.tcl was successful
Info: Quartus Prime Shell was successful. 0 errors, 0 warnings
    Info: Peak virtual memory: 4843 megabytes
    Info: Processing ended: Mon Apr 08 11:21:57 2019
    Info: Elapsed time: 00:00:03
    Info: Total CPU time (on all processors): 00:00:02


+-----------------------------------------------------------------------------------------------------------------------------------------+
; Files Restored                                                                                                                          ;
+-----------------------------------------------------------------------------------------------------------------------------------------+
; File Name                                                                                                                               ;
+-----------------------------------------------------------------------------------------------------------------------------------------+
; qar_info.json                                                                                                                           ;
; CAM2HDMI.qpf                                                                                                                            ;
; CAM2HDMI.qsf                                                                                                                            ;
; CAM2HDMI_assignment_defaults.qdf                                                                                                        ;
; SDC1.sdc                                                                                                                                ;
; S_P.qsys                                                                                                                                ;
; S_P.sopcinfo                                                                                                                            ;
; S_P/S_P.bsf                                                                                                                             ;
; S_P/S_P.cmp                                                                                                                             ;
; S_P/S_P.html                                                                                                                            ;
; S_P/S_P.ppf                                                                                                                             ;
; S_P/S_P.xml                                                                                                                             ;
; S_P/S_P_bb.v                                                                                                                            ;
; S_P/S_P_generation.rpt                                                                                                                  ;
; S_P/S_P_generation_previous.rpt                                                                                                         ;
; S_P/S_P_inst.v                                                                                                                          ;
; S_P/S_P_inst.vhd                                                                                                                        ;
; S_P/synthesis/S_P.debuginfo                                                                                                             ;
; S_P/synthesis/S_P.qip                                                                                                                   ;
; S_P/synthesis/S_P.v                                                                                                                     ;
; S_P/synthesis/submodules/altsource_probe_top.v                                                                                          ;
; clock_100m.stp                                                                                                                          ;
; clock_2m.stp                                                                                                                            ;
; i2c_master.sopcinfo                                                                                                                     ;
; ip/nios/nios.qsys                                                                                                                       ;
; ip/nios/nios.sopcinfo                                                                                                                   ;
; ip/nios/nios/nios.bsf                                                                                                                   ;
; ip/nios/nios/nios.cmp                                                                                                                   ;
; ip/nios/nios/nios.html                                                                                                                  ;
; ip/nios/nios/nios.xml                                                                                                                   ;
; ip/nios/nios/nios_bb.v                                                                                                                  ;
; ip/nios/nios/nios_generation.rpt                                                                                                        ;
; ip/nios/nios/nios_generation_previous.rpt                                                                                               ;
; ip/nios/nios/nios_inst.v                                                                                                                ;
; ip/nios/nios/nios_inst.vhd                                                                                                              ;
; ip/nios/nios/synthesis/nios.debuginfo                                                                                                   ;
; ip/nios/nios/synthesis/nios.qip                                                                                                         ;
; ip/nios/nios/synthesis/nios.regmap                                                                                                      ;
; ip/nios/nios/synthesis/nios.v                                                                                                           ;
; ip/nios/nios/synthesis/submodules/alt_vip_cvo_core.sdc                                                                                  ;
; ip/nios/nios/synthesis/submodules/altera_avalon_i2c.v                                                                                   ;
; ip/nios/nios/synthesis/submodules/altera_avalon_i2c_clk_cnt.v                                                                           ;
; ip/nios/nios/synthesis/submodules/altera_avalon_i2c_condt_det.v                                                                         ;
; ip/nios/nios/synthesis/submodules/altera_avalon_i2c_condt_gen.v                                                                         ;
; ip/nios/nios/synthesis/submodules/altera_avalon_i2c_csr.v                                                                               ;
; ip/nios/nios/synthesis/submodules/altera_avalon_i2c_fifo.v                                                                              ;
; ip/nios/nios/synthesis/submodules/altera_avalon_i2c_mstfsm.v                                                                            ;
; ip/nios/nios/synthesis/submodules/altera_avalon_i2c_rxshifter.v                                                                         ;
; ip/nios/nios/synthesis/submodules/altera_avalon_i2c_spksupp.v                                                                           ;
; ip/nios/nios/synthesis/submodules/altera_avalon_i2c_txout.v                                                                             ;
; ip/nios/nios/synthesis/submodules/altera_avalon_i2c_txshifter.v                                                                         ;
; ip/nios/nios/synthesis/submodules/altera_avalon_packets_to_master.v                                                                     ;
; ip/nios/nios/synthesis/submodules/altera_avalon_sc_fifo.v                                                                               ;
; ip/nios/nios/synthesis/submodules/altera_avalon_st_bytes_to_packets.v                                                                   ;
; ip/nios/nios/synthesis/submodules/altera_avalon_st_clock_crosser.v                                                                      ;
; ip/nios/nios/synthesis/submodules/altera_avalon_st_idle_inserter.v                                                                      ;
; ip/nios/nios/synthesis/submodules/altera_avalon_st_idle_remover.v                                                                       ;
; ip/nios/nios/synthesis/submodules/altera_avalon_st_jtag_interface.sdc                                                                   ;
; ip/nios/nios/synthesis/submodules/altera_avalon_st_jtag_interface.v                                                                     ;
; ip/nios/nios/synthesis/submodules/altera_avalon_st_packets_to_bytes.v                                                                   ;
; ip/nios/nios/synthesis/submodules/altera_avalon_st_pipeline_base.v                                                                      ;
; ip/nios/nios/synthesis/submodules/altera_avalon_st_pipeline_stage.sv                                                                    ;
; ip/nios/nios/synthesis/submodules/altera_i2cslave_to_avlmm_bridge.v                                                                     ;
; ip/nios/nios/synthesis/submodules/altera_jtag_dc_streaming.v                                                                            ;
; ip/nios/nios/synthesis/submodules/altera_jtag_sld_node.v                                                                                ;
; ip/nios/nios/synthesis/submodules/altera_jtag_streaming.v                                                                               ;
; ip/nios/nios/synthesis/submodules/altera_merlin_arbitrator.sv                                                                           ;
; ip/nios/nios/synthesis/submodules/altera_merlin_burst_uncompressor.sv                                                                   ;
; ip/nios/nios/synthesis/submodules/altera_merlin_master_agent.sv                                                                         ;
; ip/nios/nios/synthesis/submodules/altera_merlin_master_translator.sv                                                                    ;
; ip/nios/nios/synthesis/submodules/altera_merlin_reorder_memory.sv                                                                       ;
; ip/nios/nios/synthesis/submodules/altera_merlin_slave_agent.sv                                                                          ;
; ip/nios/nios/synthesis/submodules/altera_merlin_slave_translator.sv                                                                     ;
; ip/nios/nios/synthesis/submodules/altera_merlin_traffic_limiter.sv                                                                      ;
; ip/nios/nios/synthesis/submodules/altera_reset_controller.sdc                                                                           ;
; ip/nios/nios/synthesis/submodules/altera_reset_controller.v                                                                             ;
; ip/nios/nios/synthesis/submodules/altera_reset_synchronizer.v                                                                           ;
; ip/nios/nios/synthesis/submodules/altera_std_synchronizer_nocut.v                                                                       ;
; ip/nios/nios/synthesis/submodules/altr_i2c_avl_mst_intf_gen.v                                                                           ;
; ip/nios/nios/synthesis/submodules/altr_i2c_clk_cnt.v                                                                                    ;
; ip/nios/nios/synthesis/submodules/altr_i2c_condt_det.v                                                                                  ;
; ip/nios/nios/synthesis/submodules/altr_i2c_databuffer.v                                                                                 ;
; ip/nios/nios/synthesis/submodules/altr_i2c_rxshifter.v                                                                                  ;
; ip/nios/nios/synthesis/submodules/altr_i2c_slvfsm.v                                                                                     ;
; ip/nios/nios/synthesis/submodules/altr_i2c_spksupp.v                                                                                    ;
; ip/nios/nios/synthesis/submodules/altr_i2c_txout.v                                                                                      ;
; ip/nios/nios/synthesis/submodules/altr_i2c_txshifter.v                                                                                  ;
; ip/nios/nios/synthesis/submodules/common/alt_vip_common_pkg.sv                                                                          ;
; ip/nios/nios/synthesis/submodules/modules/alt_vip_common_edge_detect_chain/src_hdl/alt_vip_common_edge_detect_chain.sv                  ;
; ip/nios/nios/synthesis/submodules/modules/alt_vip_common_event_packet_decode/src_hdl/alt_vip_common_event_packet_decode.sv              ;
; ip/nios/nios/synthesis/submodules/modules/alt_vip_common_event_packet_encode/src_hdl/alt_vip_common_event_packet_encode.sv              ;
; ip/nios/nios/synthesis/submodules/modules/alt_vip_common_fifo/src_hdl/alt_vip_common_fifo.sdc                                           ;
; ip/nios/nios/synthesis/submodules/modules/alt_vip_common_fifo/src_hdl/alt_vip_common_fifo.v                                             ;
; ip/nios/nios/synthesis/submodules/modules/alt_vip_common_fifo2/src_hdl/alt_vip_common_fifo2.sdc                                         ;
; ip/nios/nios/synthesis/submodules/modules/alt_vip_common_fifo2/src_hdl/alt_vip_common_fifo2.sv                                          ;
; ip/nios/nios/synthesis/submodules/modules/alt_vip_common_frame_counter/src_hdl/alt_vip_common_frame_counter.v                           ;
; ip/nios/nios/synthesis/submodules/modules/alt_vip_common_generic_step_count/src_hdl/alt_vip_common_generic_step_count.v                 ;
; ip/nios/nios/synthesis/submodules/modules/alt_vip_common_h_kernel/src_hdl/alt_vip_common_h_kernel.sv                                    ;
; ip/nios/nios/synthesis/submodules/modules/alt_vip_common_h_kernel/src_hdl/alt_vip_common_h_kernel_par.sv                                ;
; ip/nios/nios/synthesis/submodules/modules/alt_vip_common_h_kernel/src_hdl/alt_vip_common_h_kernel_seq.sv                                ;
; ip/nios/nios/synthesis/submodules/modules/alt_vip_common_mirror/src_hdl/alt_vip_common_mirror.sv                                        ;
; ip/nios/nios/synthesis/submodules/modules/alt_vip_common_mult_add/src_hdl/alt_vip_common_mult_add.sv                                    ;
; ip/nios/nios/synthesis/submodules/modules/alt_vip_common_sample_counter/src_hdl/alt_vip_common_sample_counter.v                         ;
; ip/nios/nios/synthesis/submodules/modules/alt_vip_common_slave_interface/src_hdl/alt_vip_common_slave_interface.sv                      ;
; ip/nios/nios/synthesis/submodules/modules/alt_vip_common_slave_interface/src_hdl/alt_vip_common_slave_interface_mux.sv                  ;
; ip/nios/nios/synthesis/submodules/modules/alt_vip_common_sop_align/src_hdl/alt_vip_common_sop_align.sv                                  ;
; ip/nios/nios/synthesis/submodules/modules/alt_vip_common_sync/src_hdl/alt_vip_common_sync.v                                             ;
; ip/nios/nios/synthesis/submodules/modules/alt_vip_common_sync_generation/src_hdl/alt_vip_common_sync_generation.v                       ;
; ip/nios/nios/synthesis/submodules/modules/alt_vip_common_to_binary/src_hdl/alt_vip_common_to_binary.v                                   ;
; ip/nios/nios/synthesis/submodules/modules/alt_vip_common_trigger_sync/src_hdl/alt_vip_common_trigger_sync.v                             ;
; ip/nios/nios/synthesis/submodules/modules/alt_vip_common_video_packet_decode/src_hdl/alt_vip_common_latency_1_to_latency_0.sv           ;
; ip/nios/nios/synthesis/submodules/modules/alt_vip_common_video_packet_decode/src_hdl/alt_vip_common_video_packet_decode.sv              ;
; ip/nios/nios/synthesis/submodules/modules/alt_vip_common_video_packet_encode/src_hdl/alt_vip_common_latency_0_to_latency_1.sv           ;
; ip/nios/nios/synthesis/submodules/modules/alt_vip_common_video_packet_encode/src_hdl/alt_vip_common_video_packet_empty.sv               ;
; ip/nios/nios/synthesis/submodules/modules/alt_vip_common_video_packet_encode/src_hdl/alt_vip_common_video_packet_encode.sv              ;
; ip/nios/nios/synthesis/submodules/nios_alt_vip_cl_cvo_0.v                                                                               ;
; ip/nios/nios/synthesis/submodules/nios_alt_vip_cl_cvo_0_video_in.v                                                                      ;
; ip/nios/nios/synthesis/submodules/nios_alt_vip_cl_scl_0.v                                                                               ;
; ip/nios/nios/synthesis/submodules/nios_alt_vip_cl_scl_0_scaler_core_0.v                                                                 ;
; ip/nios/nios/synthesis/submodules/nios_alt_vip_cl_tpg_0.v                                                                               ;
; ip/nios/nios/synthesis/submodules/nios_irq_mapper.sv                                                                                    ;
; ip/nios/nios/synthesis/submodules/nios_master_0.v                                                                                       ;
; ip/nios/nios/synthesis/submodules/nios_master_0_b2p_adapter.sv                                                                          ;
; ip/nios/nios/synthesis/submodules/nios_master_0_p2b_adapter.sv                                                                          ;
; ip/nios/nios/synthesis/submodules/nios_master_0_timing_adt.sv                                                                           ;
; ip/nios/nios/synthesis/submodules/nios_mm_interconnect_0.v                                                                              ;
; ip/nios/nios/synthesis/submodules/nios_mm_interconnect_0_avalon_st_adapter.v                                                            ;
; ip/nios/nios/synthesis/submodules/nios_mm_interconnect_0_avalon_st_adapter_error_adapter_0.sv                                           ;
; ip/nios/nios/synthesis/submodules/nios_mm_interconnect_0_cmd_demux.sv                                                                   ;
; ip/nios/nios/synthesis/submodules/nios_mm_interconnect_0_cmd_demux_001.sv                                                               ;
; ip/nios/nios/synthesis/submodules/nios_mm_interconnect_0_cmd_demux_002.sv                                                               ;
; ip/nios/nios/synthesis/submodules/nios_mm_interconnect_0_cmd_mux.sv                                                                     ;
; ip/nios/nios/synthesis/submodules/nios_mm_interconnect_0_cmd_mux_002.sv                                                                 ;
; ip/nios/nios/synthesis/submodules/nios_mm_interconnect_0_router.sv                                                                      ;
; ip/nios/nios/synthesis/submodules/nios_mm_interconnect_0_router_001.sv                                                                  ;
; ip/nios/nios/synthesis/submodules/nios_mm_interconnect_0_router_002.sv                                                                  ;
; ip/nios/nios/synthesis/submodules/nios_mm_interconnect_0_router_003.sv                                                                  ;
; ip/nios/nios/synthesis/submodules/nios_mm_interconnect_0_router_004.sv                                                                  ;
; ip/nios/nios/synthesis/submodules/nios_mm_interconnect_0_router_005.sv                                                                  ;
; ip/nios/nios/synthesis/submodules/nios_mm_interconnect_0_router_006.sv                                                                  ;
; ip/nios/nios/synthesis/submodules/nios_mm_interconnect_0_router_008.sv                                                                  ;
; ip/nios/nios/synthesis/submodules/nios_mm_interconnect_0_router_009.sv                                                                  ;
; ip/nios/nios/synthesis/submodules/nios_mm_interconnect_0_rsp_demux.sv                                                                   ;
; ip/nios/nios/synthesis/submodules/nios_mm_interconnect_0_rsp_demux_002.sv                                                               ;
; ip/nios/nios/synthesis/submodules/nios_mm_interconnect_0_rsp_mux.sv                                                                     ;
; ip/nios/nios/synthesis/submodules/nios_mm_interconnect_0_rsp_mux_001.sv                                                                 ;
; ip/nios/nios/synthesis/submodules/nios_mm_interconnect_0_rsp_mux_002.sv                                                                 ;
; ip/nios/nios/synthesis/submodules/nios_mm_interconnect_1.v                                                                              ;
; ip/nios/nios/synthesis/submodules/nios_mm_interconnect_1_cmd_demux.sv                                                                   ;
; ip/nios/nios/synthesis/submodules/nios_mm_interconnect_1_cmd_mux.sv                                                                     ;
; ip/nios/nios/synthesis/submodules/nios_mm_interconnect_1_router.sv                                                                      ;
; ip/nios/nios/synthesis/submodules/nios_mm_interconnect_1_router_001.sv                                                                  ;
; ip/nios/nios/synthesis/submodules/nios_mm_interconnect_1_rsp_demux.sv                                                                   ;
; ip/nios/nios/synthesis/submodules/nios_mm_interconnect_1_rsp_mux.sv                                                                     ;
; ip/nios/nios/synthesis/submodules/nios_nios2_gen2_0.v                                                                                   ;
; ip/nios/nios/synthesis/submodules/nios_nios2_gen2_0_cpu.ocp                                                                             ;
; ip/nios/nios/synthesis/submodules/nios_nios2_gen2_0_cpu.sdc                                                                             ;
; ip/nios/nios/synthesis/submodules/nios_nios2_gen2_0_cpu.v                                                                               ;
; ip/nios/nios/synthesis/submodules/nios_nios2_gen2_0_cpu_bht_ram.mif                                                                     ;
; ip/nios/nios/synthesis/submodules/nios_nios2_gen2_0_cpu_dc_tag_ram.mif                                                                  ;
; ip/nios/nios/synthesis/submodules/nios_nios2_gen2_0_cpu_debug_slave_sysclk.v                                                            ;
; ip/nios/nios/synthesis/submodules/nios_nios2_gen2_0_cpu_debug_slave_tck.v                                                               ;
; ip/nios/nios/synthesis/submodules/nios_nios2_gen2_0_cpu_debug_slave_wrapper.v                                                           ;
; ip/nios/nios/synthesis/submodules/nios_nios2_gen2_0_cpu_ic_tag_ram.mif                                                                  ;
; ip/nios/nios/synthesis/submodules/nios_nios2_gen2_0_cpu_mult_cell.v                                                                     ;
; ip/nios/nios/synthesis/submodules/nios_nios2_gen2_0_cpu_ociram_default_contents.mif                                                     ;
; ip/nios/nios/synthesis/submodules/nios_nios2_gen2_0_cpu_rf_ram_a.mif                                                                    ;
; ip/nios/nios/synthesis/submodules/nios_nios2_gen2_0_cpu_rf_ram_b.mif                                                                    ;
; ip/nios/nios/synthesis/submodules/nios_nios2_gen2_0_cpu_test_bench.v                                                                    ;
; ip/nios/nios/synthesis/submodules/nios_onchip_memory2_0.hex                                                                             ;
; ip/nios/nios/synthesis/submodules/nios_onchip_memory2_0.v                                                                               ;
; ip/nios/nios/synthesis/submodules/nios_pio_0.v                                                                                          ;
; ip/nios/nios/synthesis/submodules/nios_sysid_qsys_0.v                                                                                   ;
; ip/nios/nios/synthesis/submodules/src_hdl/alt_vip_control_slave.sv                                                                      ;
; ip/nios/nios/synthesis/submodules/src_hdl/alt_vip_cvo_calculate_mode.v                                                                  ;
; ip/nios/nios/synthesis/submodules/src_hdl/alt_vip_cvo_core.ocp                                                                          ;
; ip/nios/nios/synthesis/submodules/src_hdl/alt_vip_cvo_core.sv                                                                           ;
; ip/nios/nios/synthesis/submodules/src_hdl/alt_vip_cvo_mode_banks.sv                                                                     ;
; ip/nios/nios/synthesis/submodules/src_hdl/alt_vip_cvo_scheduler.ocp                                                                     ;
; ip/nios/nios/synthesis/submodules/src_hdl/alt_vip_cvo_scheduler.sv                                                                      ;
; ip/nios/nios/synthesis/submodules/src_hdl/alt_vip_cvo_statemachine.sv                                                                   ;
; ip/nios/nios/synthesis/submodules/src_hdl/alt_vip_cvo_stream_marker.sv                                                                  ;
; ip/nios/nios/synthesis/submodules/src_hdl/alt_vip_cvo_sync_compare.v                                                                    ;
; ip/nios/nios/synthesis/submodules/src_hdl/alt_vip_cvo_sync_conditioner.sv                                                               ;
; ip/nios/nios/synthesis/submodules/src_hdl/alt_vip_cvo_sync_generation.sv                                                                ;
; ip/nios/nios/synthesis/submodules/src_hdl/alt_vip_line_buffer.sv                                                                        ;
; ip/nios/nios/synthesis/submodules/src_hdl/alt_vip_line_buffer_controller.sv                                                             ;
; ip/nios/nios/synthesis/submodules/src_hdl/alt_vip_line_buffer_mem_block.sv                                                              ;
; ip/nios/nios/synthesis/submodules/src_hdl/alt_vip_line_buffer_multicaster.sv                                                            ;
; ip/nios/nios/synthesis/submodules/src_hdl/alt_vip_packet_demux.sv                                                                       ;
; ip/nios/nios/synthesis/submodules/src_hdl/alt_vip_packet_mux.sv                                                                         ;
; ip/nios/nios/synthesis/submodules/src_hdl/alt_vip_pip_converter_core.sv                                                                 ;
; ip/nios/nios/synthesis/submodules/src_hdl/alt_vip_pip_sop_realign.sv                                                                    ;
; ip/nios/nios/synthesis/submodules/src_hdl/alt_vip_scaler_alg_core.ocp                                                                   ;
; ip/nios/nios/synthesis/submodules/src_hdl/alt_vip_scaler_alg_core.sv                                                                    ;
; ip/nios/nios/synthesis/submodules/src_hdl/alt_vip_scaler_alg_core_bilinear_channel.sv                                                   ;
; ip/nios/nios/synthesis/submodules/src_hdl/alt_vip_scaler_alg_core_bilinear_coeffs.sv                                                    ;
; ip/nios/nios/synthesis/submodules/src_hdl/alt_vip_scaler_alg_core_controller.sv                                                         ;
; ip/nios/nios/synthesis/submodules/src_hdl/alt_vip_scaler_alg_core_edge_detect.sv                                                        ;
; ip/nios/nios/synthesis/submodules/src_hdl/alt_vip_scaler_alg_core_horizontal_channel.sv                                                 ;
; ip/nios/nios/synthesis/submodules/src_hdl/alt_vip_scaler_alg_core_nn_channel.sv                                                         ;
; ip/nios/nios/synthesis/submodules/src_hdl/alt_vip_scaler_alg_core_realign.sv                                                            ;
; ip/nios/nios/synthesis/submodules/src_hdl/alt_vip_scaler_alg_core_step_coeff.sv                                                         ;
; ip/nios/nios/synthesis/submodules/src_hdl/alt_vip_scaler_alg_core_step_line.sv                                                          ;
; ip/nios/nios/synthesis/submodules/src_hdl/alt_vip_scaler_alg_core_vertical_channel.sv                                                   ;
; ip/nios/nios/synthesis/submodules/src_hdl/alt_vip_scaler_kernel_creator.ocp                                                             ;
; ip/nios/nios/synthesis/submodules/src_hdl/alt_vip_scaler_kernel_creator.sv                                                              ;
; ip/nios/nios/synthesis/submodules/src_hdl/alt_vip_scaler_kernel_creator_div.sv                                                          ;
; ip/nios/nios/synthesis/submodules/src_hdl/alt_vip_scaler_kernel_creator_nn.sv                                                           ;
; ip/nios/nios/synthesis/submodules/src_hdl/alt_vip_scaler_kernel_creator_non_nn.sv                                                       ;
; ip/nios/nios/synthesis/submodules/src_hdl/alt_vip_scaler_kernel_creator_step.sv                                                         ;
; ip/nios/nios/synthesis/submodules/src_hdl/alt_vip_scaler_scheduler.ocp                                                                  ;
; ip/nios/nios/synthesis/submodules/src_hdl/alt_vip_scaler_scheduler.sv                                                                   ;
; ip/nios/nios/synthesis/submodules/src_hdl/alt_vip_tpg_alg_core.ocp                                                                      ;
; ip/nios/nios/synthesis/submodules/src_hdl/alt_vip_tpg_alg_core.sv                                                                       ;
; ip/nios/nios/synthesis/submodules/src_hdl/alt_vip_tpg_scheduler.ocp                                                                     ;
; ip/nios/nios/synthesis/submodules/src_hdl/alt_vip_tpg_scheduler.sv                                                                      ;
; ip/nios/nios/synthesis/submodules/src_hdl/alt_vip_video_input_bridge_cmd.sv                                                             ;
; ip/nios/nios/synthesis/submodules/src_hdl/alt_vip_video_input_bridge_resp.sv                                                            ;
; ip/nios/nios/synthesis/submodules/src_hdl/alt_vip_video_output_bridge.ocp                                                               ;
; ip/nios/nios/synthesis/submodules/src_hdl/alt_vip_video_output_bridge.sv                                                                ;
; ip/pattern_gen.qsys                                                                                                                     ;
; ip/pattern_gen.sopcinfo                                                                                                                 ;
; ip/pattern_gen/pattern_gen.bsf                                                                                                          ;
; ip/pattern_gen/pattern_gen.cmp                                                                                                          ;
; ip/pattern_gen/pattern_gen.csv                                                                                                          ;
; ip/pattern_gen/pattern_gen.html                                                                                                         ;
; ip/pattern_gen/pattern_gen.spd                                                                                                          ;
; ip/pattern_gen/pattern_gen.xml                                                                                                          ;
; ip/pattern_gen/pattern_gen_generation.rpt                                                                                               ;
; ip/pattern_gen/simulation/aldec/rivierapro_setup.tcl                                                                                    ;
; ip/pattern_gen/simulation/cadence/cds.lib                                                                                               ;
; ip/pattern_gen/simulation/cadence/cds_libs/alt_vip_cl_cvo_0.cds.lib                                                                     ;
; ip/pattern_gen/simulation/cadence/cds_libs/alt_vip_cl_cvo_0_control_agent.cds.lib                                                       ;
; ip/pattern_gen/simulation/cadence/cds_libs/alt_vip_cl_cvo_0_control_burst_adapter.cds.lib                                               ;
; ip/pattern_gen/simulation/cadence/cds_libs/alt_vip_cl_cvo_0_control_translator.cds.lib                                                  ;
; ip/pattern_gen/simulation/cadence/cds_libs/alt_vip_cl_scl_0.cds.lib                                                                     ;
; ip/pattern_gen/simulation/cadence/cds_libs/alt_vip_cl_tpg_0.cds.lib                                                                     ;
; ip/pattern_gen/simulation/cadence/cds_libs/altera_common_sv_packages.cds.lib                                                            ;
; ip/pattern_gen/simulation/cadence/cds_libs/avalon_st_adapter.cds.lib                                                                    ;
; ip/pattern_gen/simulation/cadence/cds_libs/b2p.cds.lib                                                                                  ;
; ip/pattern_gen/simulation/cadence/cds_libs/b2p_adapter.cds.lib                                                                          ;
; ip/pattern_gen/simulation/cadence/cds_libs/cmd_demux.cds.lib                                                                            ;
; ip/pattern_gen/simulation/cadence/cds_libs/cmd_mux.cds.lib                                                                              ;
; ip/pattern_gen/simulation/cadence/cds_libs/error_adapter_0.cds.lib                                                                      ;
; ip/pattern_gen/simulation/cadence/cds_libs/fifo.cds.lib                                                                                 ;
; ip/pattern_gen/simulation/cadence/cds_libs/jtag_phy_embedded_in_jtag_master.cds.lib                                                     ;
; ip/pattern_gen/simulation/cadence/cds_libs/master_0.cds.lib                                                                             ;
; ip/pattern_gen/simulation/cadence/cds_libs/mm_interconnect_0.cds.lib                                                                    ;
; ip/pattern_gen/simulation/cadence/cds_libs/mm_master_bfm_0.cds.lib                                                                      ;
; ip/pattern_gen/simulation/cadence/cds_libs/mm_master_bfm_0_m0_agent.cds.lib                                                             ;
; ip/pattern_gen/simulation/cadence/cds_libs/mm_master_bfm_0_m0_limiter.cds.lib                                                           ;
; ip/pattern_gen/simulation/cadence/cds_libs/mm_master_bfm_0_m0_translator.cds.lib                                                        ;
; ip/pattern_gen/simulation/cadence/cds_libs/p2b.cds.lib                                                                                  ;
; ip/pattern_gen/simulation/cadence/cds_libs/p2b_adapter.cds.lib                                                                          ;
; ip/pattern_gen/simulation/cadence/cds_libs/router.cds.lib                                                                               ;
; ip/pattern_gen/simulation/cadence/cds_libs/router_002.cds.lib                                                                           ;
; ip/pattern_gen/simulation/cadence/cds_libs/rsp_demux.cds.lib                                                                            ;
; ip/pattern_gen/simulation/cadence/cds_libs/rsp_mux.cds.lib                                                                              ;
; ip/pattern_gen/simulation/cadence/cds_libs/rst_controller.cds.lib                                                                       ;
; ip/pattern_gen/simulation/cadence/cds_libs/scaler_core_0.cds.lib                                                                        ;
; ip/pattern_gen/simulation/cadence/cds_libs/timing_adt.cds.lib                                                                           ;
; ip/pattern_gen/simulation/cadence/cds_libs/transacto.cds.lib                                                                            ;
; ip/pattern_gen/simulation/cadence/cds_libs/video_in.cds.lib                                                                             ;
; ip/pattern_gen/simulation/cadence/hdl.var                                                                                               ;
; ip/pattern_gen/simulation/cadence/ncsim_setup.sh                                                                                        ;
; ip/pattern_gen/simulation/mentor/msim_setup.tcl                                                                                         ;
; ip/pattern_gen/simulation/pattern_gen.sip                                                                                               ;
; ip/pattern_gen/simulation/pattern_gen.v                                                                                                 ;
; ip/pattern_gen/simulation/submodules/aldec/common/alt_vip_common_pkg.sv                                                                 ;
; ip/pattern_gen/simulation/submodules/aldec/modules/alt_vip_common_edge_detect_chain/src_hdl/alt_vip_common_edge_detect_chain.sv         ;
; ip/pattern_gen/simulation/submodules/aldec/modules/alt_vip_common_event_packet_decode/src_hdl/alt_vip_common_event_packet_decode.sv     ;
; ip/pattern_gen/simulation/submodules/aldec/modules/alt_vip_common_event_packet_encode/src_hdl/alt_vip_common_event_packet_encode.sv     ;
; ip/pattern_gen/simulation/submodules/aldec/modules/alt_vip_common_fifo/src_hdl/alt_vip_common_fifo.v                                    ;
; ip/pattern_gen/simulation/submodules/aldec/modules/alt_vip_common_fifo2/src_hdl/alt_vip_common_fifo2.sv                                 ;
; ip/pattern_gen/simulation/submodules/aldec/modules/alt_vip_common_frame_counter/src_hdl/alt_vip_common_frame_counter.v                  ;
; ip/pattern_gen/simulation/submodules/aldec/modules/alt_vip_common_generic_step_count/src_hdl/alt_vip_common_generic_step_count.v        ;
; ip/pattern_gen/simulation/submodules/aldec/modules/alt_vip_common_h_kernel/src_hdl/alt_vip_common_h_kernel.sv                           ;
; ip/pattern_gen/simulation/submodules/aldec/modules/alt_vip_common_h_kernel/src_hdl/alt_vip_common_h_kernel_par.sv                       ;
; ip/pattern_gen/simulation/submodules/aldec/modules/alt_vip_common_h_kernel/src_hdl/alt_vip_common_h_kernel_seq.sv                       ;
; ip/pattern_gen/simulation/submodules/aldec/modules/alt_vip_common_mirror/src_hdl/alt_vip_common_mirror.sv                               ;
; ip/pattern_gen/simulation/submodules/aldec/modules/alt_vip_common_mult_add/src_hdl/alt_vip_common_mult_add.sv                           ;
; ip/pattern_gen/simulation/submodules/aldec/modules/alt_vip_common_sample_counter/src_hdl/alt_vip_common_sample_counter.v                ;
; ip/pattern_gen/simulation/submodules/aldec/modules/alt_vip_common_slave_interface/src_hdl/alt_vip_common_slave_interface.sv             ;
; ip/pattern_gen/simulation/submodules/aldec/modules/alt_vip_common_slave_interface/src_hdl/alt_vip_common_slave_interface_mux.sv         ;
; ip/pattern_gen/simulation/submodules/aldec/modules/alt_vip_common_sop_align/src_hdl/alt_vip_common_sop_align.sv                         ;
; ip/pattern_gen/simulation/submodules/aldec/modules/alt_vip_common_sync/src_hdl/alt_vip_common_sync.v                                    ;
; ip/pattern_gen/simulation/submodules/aldec/modules/alt_vip_common_sync_generation/src_hdl/alt_vip_common_sync_generation.v              ;
; ip/pattern_gen/simulation/submodules/aldec/modules/alt_vip_common_to_binary/src_hdl/alt_vip_common_to_binary.v                          ;
; ip/pattern_gen/simulation/submodules/aldec/modules/alt_vip_common_trigger_sync/src_hdl/alt_vip_common_trigger_sync.v                    ;
; ip/pattern_gen/simulation/submodules/aldec/modules/alt_vip_common_video_packet_decode/src_hdl/alt_vip_common_latency_1_to_latency_0.sv  ;
; ip/pattern_gen/simulation/submodules/aldec/modules/alt_vip_common_video_packet_decode/src_hdl/alt_vip_common_video_packet_decode.sv     ;
; ip/pattern_gen/simulation/submodules/aldec/modules/alt_vip_common_video_packet_encode/src_hdl/alt_vip_common_latency_0_to_latency_1.sv  ;
; ip/pattern_gen/simulation/submodules/aldec/modules/alt_vip_common_video_packet_encode/src_hdl/alt_vip_common_video_packet_empty.sv      ;
; ip/pattern_gen/simulation/submodules/aldec/modules/alt_vip_common_video_packet_encode/src_hdl/alt_vip_common_video_packet_encode.sv     ;
; ip/pattern_gen/simulation/submodules/aldec/src_hdl/alt_vip_control_slave.sv                                                             ;
; ip/pattern_gen/simulation/submodules/aldec/src_hdl/alt_vip_cvo_calculate_mode.v                                                         ;
; ip/pattern_gen/simulation/submodules/aldec/src_hdl/alt_vip_cvo_core.sv                                                                  ;
; ip/pattern_gen/simulation/submodules/aldec/src_hdl/alt_vip_cvo_mode_banks.sv                                                            ;
; ip/pattern_gen/simulation/submodules/aldec/src_hdl/alt_vip_cvo_scheduler.sv                                                             ;
; ip/pattern_gen/simulation/submodules/aldec/src_hdl/alt_vip_cvo_statemachine.sv                                                          ;
; ip/pattern_gen/simulation/submodules/aldec/src_hdl/alt_vip_cvo_stream_marker.sv                                                         ;
; ip/pattern_gen/simulation/submodules/aldec/src_hdl/alt_vip_cvo_sync_compare.v                                                           ;
; ip/pattern_gen/simulation/submodules/aldec/src_hdl/alt_vip_cvo_sync_conditioner.sv                                                      ;
; ip/pattern_gen/simulation/submodules/aldec/src_hdl/alt_vip_cvo_sync_generation.sv                                                       ;
; ip/pattern_gen/simulation/submodules/aldec/src_hdl/alt_vip_line_buffer.sv                                                               ;
; ip/pattern_gen/simulation/submodules/aldec/src_hdl/alt_vip_line_buffer_controller.sv                                                    ;
; ip/pattern_gen/simulation/submodules/aldec/src_hdl/alt_vip_line_buffer_mem_block.sv                                                     ;
; ip/pattern_gen/simulation/submodules/aldec/src_hdl/alt_vip_line_buffer_multicaster.sv                                                   ;
; ip/pattern_gen/simulation/submodules/aldec/src_hdl/alt_vip_packet_demux.sv                                                              ;
; ip/pattern_gen/simulation/submodules/aldec/src_hdl/alt_vip_packet_mux.sv                                                                ;
; ip/pattern_gen/simulation/submodules/aldec/src_hdl/alt_vip_pip_converter_core.sv                                                        ;
; ip/pattern_gen/simulation/submodules/aldec/src_hdl/alt_vip_pip_sop_realign.sv                                                           ;
; ip/pattern_gen/simulation/submodules/aldec/src_hdl/alt_vip_scaler_alg_core.sv                                                           ;
; ip/pattern_gen/simulation/submodules/aldec/src_hdl/alt_vip_scaler_alg_core_bilinear_channel.sv                                          ;
; ip/pattern_gen/simulation/submodules/aldec/src_hdl/alt_vip_scaler_alg_core_bilinear_coeffs.sv                                           ;
; ip/pattern_gen/simulation/submodules/aldec/src_hdl/alt_vip_scaler_alg_core_controller.sv                                                ;
; ip/pattern_gen/simulation/submodules/aldec/src_hdl/alt_vip_scaler_alg_core_edge_detect.sv                                               ;
; ip/pattern_gen/simulation/submodules/aldec/src_hdl/alt_vip_scaler_alg_core_horizontal_channel.sv                                        ;
; ip/pattern_gen/simulation/submodules/aldec/src_hdl/alt_vip_scaler_alg_core_nn_channel.sv                                                ;
; ip/pattern_gen/simulation/submodules/aldec/src_hdl/alt_vip_scaler_alg_core_realign.sv                                                   ;
; ip/pattern_gen/simulation/submodules/aldec/src_hdl/alt_vip_scaler_alg_core_step_coeff.sv                                                ;
; ip/pattern_gen/simulation/submodules/aldec/src_hdl/alt_vip_scaler_alg_core_step_line.sv                                                 ;
; ip/pattern_gen/simulation/submodules/aldec/src_hdl/alt_vip_scaler_alg_core_vertical_channel.sv                                          ;
; ip/pattern_gen/simulation/submodules/aldec/src_hdl/alt_vip_scaler_kernel_creator.sv                                                     ;
; ip/pattern_gen/simulation/submodules/aldec/src_hdl/alt_vip_scaler_kernel_creator_div.sv                                                 ;
; ip/pattern_gen/simulation/submodules/aldec/src_hdl/alt_vip_scaler_kernel_creator_nn.sv                                                  ;
; ip/pattern_gen/simulation/submodules/aldec/src_hdl/alt_vip_scaler_kernel_creator_non_nn.sv                                              ;
; ip/pattern_gen/simulation/submodules/aldec/src_hdl/alt_vip_scaler_kernel_creator_step.sv                                                ;
; ip/pattern_gen/simulation/submodules/aldec/src_hdl/alt_vip_scaler_scheduler.sv                                                          ;
; ip/pattern_gen/simulation/submodules/aldec/src_hdl/alt_vip_tpg_alg_core.sv                                                              ;
; ip/pattern_gen/simulation/submodules/aldec/src_hdl/alt_vip_tpg_scheduler.sv                                                             ;
; ip/pattern_gen/simulation/submodules/aldec/src_hdl/alt_vip_video_input_bridge_cmd.sv                                                    ;
; ip/pattern_gen/simulation/submodules/aldec/src_hdl/alt_vip_video_input_bridge_resp.sv                                                   ;
; ip/pattern_gen/simulation/submodules/aldec/src_hdl/alt_vip_video_output_bridge.sv                                                       ;
; ip/pattern_gen/simulation/submodules/altera_avalon_mm_master_bfm.sv                                                                     ;
; ip/pattern_gen/simulation/submodules/altera_avalon_packets_to_master.v                                                                  ;
; ip/pattern_gen/simulation/submodules/altera_avalon_sc_fifo.v                                                                            ;
; ip/pattern_gen/simulation/submodules/altera_avalon_st_bytes_to_packets.v                                                                ;
; ip/pattern_gen/simulation/submodules/altera_avalon_st_clock_crosser.v                                                                   ;
; ip/pattern_gen/simulation/submodules/altera_avalon_st_idle_inserter.v                                                                   ;
; ip/pattern_gen/simulation/submodules/altera_avalon_st_idle_remover.v                                                                    ;
; ip/pattern_gen/simulation/submodules/altera_avalon_st_jtag_interface.sdc                                                                ;
; ip/pattern_gen/simulation/submodules/altera_avalon_st_jtag_interface.v                                                                  ;
; ip/pattern_gen/simulation/submodules/altera_avalon_st_packets_to_bytes.v                                                                ;
; ip/pattern_gen/simulation/submodules/altera_avalon_st_pipeline_base.v                                                                   ;
; ip/pattern_gen/simulation/submodules/altera_avalon_st_pipeline_stage.sv                                                                 ;
; ip/pattern_gen/simulation/submodules/altera_default_burst_converter.sv                                                                  ;
; ip/pattern_gen/simulation/submodules/altera_incr_burst_converter.sv                                                                     ;
; ip/pattern_gen/simulation/submodules/altera_jtag_dc_streaming.v                                                                         ;
; ip/pattern_gen/simulation/submodules/altera_jtag_sld_node.v                                                                             ;
; ip/pattern_gen/simulation/submodules/altera_jtag_streaming.v                                                                            ;
; ip/pattern_gen/simulation/submodules/altera_merlin_address_alignment.sv                                                                 ;
; ip/pattern_gen/simulation/submodules/altera_merlin_arbitrator.sv                                                                        ;
; ip/pattern_gen/simulation/submodules/altera_merlin_burst_adapter.sv                                                                     ;
; ip/pattern_gen/simulation/submodules/altera_merlin_burst_adapter_13_1.sv                                                                ;
; ip/pattern_gen/simulation/submodules/altera_merlin_burst_adapter_new.sv                                                                 ;
; ip/pattern_gen/simulation/submodules/altera_merlin_burst_adapter_uncmpr.sv                                                              ;
; ip/pattern_gen/simulation/submodules/altera_merlin_burst_uncompressor.sv                                                                ;
; ip/pattern_gen/simulation/submodules/altera_merlin_master_agent.sv                                                                      ;
; ip/pattern_gen/simulation/submodules/altera_merlin_master_translator.sv                                                                 ;
; ip/pattern_gen/simulation/submodules/altera_merlin_reorder_memory.sv                                                                    ;
; ip/pattern_gen/simulation/submodules/altera_merlin_slave_agent.sv                                                                       ;
; ip/pattern_gen/simulation/submodules/altera_merlin_slave_translator.sv                                                                  ;
; ip/pattern_gen/simulation/submodules/altera_merlin_traffic_limiter.sv                                                                   ;
; ip/pattern_gen/simulation/submodules/altera_reset_controller.sdc                                                                        ;
; ip/pattern_gen/simulation/submodules/altera_reset_controller.v                                                                          ;
; ip/pattern_gen/simulation/submodules/altera_reset_synchronizer.v                                                                        ;
; ip/pattern_gen/simulation/submodules/altera_std_synchronizer_nocut.v                                                                    ;
; ip/pattern_gen/simulation/submodules/altera_wrap_burst_converter.sv                                                                     ;
; ip/pattern_gen/simulation/submodules/avalon_mm_pkg.sv                                                                                   ;
; ip/pattern_gen/simulation/submodules/avalon_utilities_pkg.sv                                                                            ;
; ip/pattern_gen/simulation/submodules/mentor/common/alt_vip_common_pkg.sv                                                                ;
; ip/pattern_gen/simulation/submodules/mentor/modules/alt_vip_common_edge_detect_chain/src_hdl/alt_vip_common_edge_detect_chain.sv        ;
; ip/pattern_gen/simulation/submodules/mentor/modules/alt_vip_common_event_packet_decode/src_hdl/alt_vip_common_event_packet_decode.sv    ;
; ip/pattern_gen/simulation/submodules/mentor/modules/alt_vip_common_event_packet_encode/src_hdl/alt_vip_common_event_packet_encode.sv    ;
; ip/pattern_gen/simulation/submodules/mentor/modules/alt_vip_common_fifo/src_hdl/alt_vip_common_fifo.v                                   ;
; ip/pattern_gen/simulation/submodules/mentor/modules/alt_vip_common_fifo2/src_hdl/alt_vip_common_fifo2.sv                                ;
; ip/pattern_gen/simulation/submodules/mentor/modules/alt_vip_common_frame_counter/src_hdl/alt_vip_common_frame_counter.v                 ;
; ip/pattern_gen/simulation/submodules/mentor/modules/alt_vip_common_generic_step_count/src_hdl/alt_vip_common_generic_step_count.v       ;
; ip/pattern_gen/simulation/submodules/mentor/modules/alt_vip_common_h_kernel/src_hdl/alt_vip_common_h_kernel.sv                          ;
; ip/pattern_gen/simulation/submodules/mentor/modules/alt_vip_common_h_kernel/src_hdl/alt_vip_common_h_kernel_par.sv                      ;
; ip/pattern_gen/simulation/submodules/mentor/modules/alt_vip_common_h_kernel/src_hdl/alt_vip_common_h_kernel_seq.sv                      ;
; ip/pattern_gen/simulation/submodules/mentor/modules/alt_vip_common_mirror/src_hdl/alt_vip_common_mirror.sv                              ;
; ip/pattern_gen/simulation/submodules/mentor/modules/alt_vip_common_mult_add/src_hdl/alt_vip_common_mult_add.sv                          ;
; ip/pattern_gen/simulation/submodules/mentor/modules/alt_vip_common_sample_counter/src_hdl/alt_vip_common_sample_counter.v               ;
; ip/pattern_gen/simulation/submodules/mentor/modules/alt_vip_common_slave_interface/src_hdl/alt_vip_common_slave_interface.sv            ;
; ip/pattern_gen/simulation/submodules/mentor/modules/alt_vip_common_slave_interface/src_hdl/alt_vip_common_slave_interface_mux.sv        ;
; ip/pattern_gen/simulation/submodules/mentor/modules/alt_vip_common_sop_align/src_hdl/alt_vip_common_sop_align.sv                        ;
; ip/pattern_gen/simulation/submodules/mentor/modules/alt_vip_common_sync/src_hdl/alt_vip_common_sync.v                                   ;
; ip/pattern_gen/simulation/submodules/mentor/modules/alt_vip_common_sync_generation/src_hdl/alt_vip_common_sync_generation.v             ;
; ip/pattern_gen/simulation/submodules/mentor/modules/alt_vip_common_to_binary/src_hdl/alt_vip_common_to_binary.v                         ;
; ip/pattern_gen/simulation/submodules/mentor/modules/alt_vip_common_trigger_sync/src_hdl/alt_vip_common_trigger_sync.v                   ;
; ip/pattern_gen/simulation/submodules/mentor/modules/alt_vip_common_video_packet_decode/src_hdl/alt_vip_common_latency_1_to_latency_0.sv ;
; ip/pattern_gen/simulation/submodules/mentor/modules/alt_vip_common_video_packet_decode/src_hdl/alt_vip_common_video_packet_decode.sv    ;
; ip/pattern_gen/simulation/submodules/mentor/modules/alt_vip_common_video_packet_encode/src_hdl/alt_vip_common_latency_0_to_latency_1.sv ;
; ip/pattern_gen/simulation/submodules/mentor/modules/alt_vip_common_video_packet_encode/src_hdl/alt_vip_common_video_packet_empty.sv     ;
; ip/pattern_gen/simulation/submodules/mentor/modules/alt_vip_common_video_packet_encode/src_hdl/alt_vip_common_video_packet_encode.sv    ;
; ip/pattern_gen/simulation/submodules/mentor/src_hdl/alt_vip_control_slave.sv                                                            ;
; ip/pattern_gen/simulation/submodules/mentor/src_hdl/alt_vip_cvo_calculate_mode.v                                                        ;
; ip/pattern_gen/simulation/submodules/mentor/src_hdl/alt_vip_cvo_core.sv                                                                 ;
; ip/pattern_gen/simulation/submodules/mentor/src_hdl/alt_vip_cvo_mode_banks.sv                                                           ;
; ip/pattern_gen/simulation/submodules/mentor/src_hdl/alt_vip_cvo_scheduler.sv                                                            ;
; ip/pattern_gen/simulation/submodules/mentor/src_hdl/alt_vip_cvo_statemachine.sv                                                         ;
; ip/pattern_gen/simulation/submodules/mentor/src_hdl/alt_vip_cvo_stream_marker.sv                                                        ;
; ip/pattern_gen/simulation/submodules/mentor/src_hdl/alt_vip_cvo_sync_compare.v                                                          ;
; ip/pattern_gen/simulation/submodules/mentor/src_hdl/alt_vip_cvo_sync_conditioner.sv                                                     ;
; ip/pattern_gen/simulation/submodules/mentor/src_hdl/alt_vip_cvo_sync_generation.sv                                                      ;
; ip/pattern_gen/simulation/submodules/mentor/src_hdl/alt_vip_line_buffer.sv                                                              ;
; ip/pattern_gen/simulation/submodules/mentor/src_hdl/alt_vip_line_buffer_controller.sv                                                   ;
; ip/pattern_gen/simulation/submodules/mentor/src_hdl/alt_vip_line_buffer_mem_block.sv                                                    ;
; ip/pattern_gen/simulation/submodules/mentor/src_hdl/alt_vip_line_buffer_multicaster.sv                                                  ;
; ip/pattern_gen/simulation/submodules/mentor/src_hdl/alt_vip_packet_demux.sv                                                             ;
; ip/pattern_gen/simulation/submodules/mentor/src_hdl/alt_vip_packet_mux.sv                                                               ;
; ip/pattern_gen/simulation/submodules/mentor/src_hdl/alt_vip_pip_converter_core.sv                                                       ;
; ip/pattern_gen/simulation/submodules/mentor/src_hdl/alt_vip_pip_sop_realign.sv                                                          ;
; ip/pattern_gen/simulation/submodules/mentor/src_hdl/alt_vip_scaler_alg_core.sv                                                          ;
; ip/pattern_gen/simulation/submodules/mentor/src_hdl/alt_vip_scaler_alg_core_bilinear_channel.sv                                         ;
; ip/pattern_gen/simulation/submodules/mentor/src_hdl/alt_vip_scaler_alg_core_bilinear_coeffs.sv                                          ;
; ip/pattern_gen/simulation/submodules/mentor/src_hdl/alt_vip_scaler_alg_core_controller.sv                                               ;
; ip/pattern_gen/simulation/submodules/mentor/src_hdl/alt_vip_scaler_alg_core_edge_detect.sv                                              ;
; ip/pattern_gen/simulation/submodules/mentor/src_hdl/alt_vip_scaler_alg_core_horizontal_channel.sv                                       ;
; ip/pattern_gen/simulation/submodules/mentor/src_hdl/alt_vip_scaler_alg_core_nn_channel.sv                                               ;
; ip/pattern_gen/simulation/submodules/mentor/src_hdl/alt_vip_scaler_alg_core_realign.sv                                                  ;
; ip/pattern_gen/simulation/submodules/mentor/src_hdl/alt_vip_scaler_alg_core_step_coeff.sv                                               ;
; ip/pattern_gen/simulation/submodules/mentor/src_hdl/alt_vip_scaler_alg_core_step_line.sv                                                ;
; ip/pattern_gen/simulation/submodules/mentor/src_hdl/alt_vip_scaler_alg_core_vertical_channel.sv                                         ;
; ip/pattern_gen/simulation/submodules/mentor/src_hdl/alt_vip_scaler_kernel_creator.sv                                                    ;
; ip/pattern_gen/simulation/submodules/mentor/src_hdl/alt_vip_scaler_kernel_creator_div.sv                                                ;
; ip/pattern_gen/simulation/submodules/mentor/src_hdl/alt_vip_scaler_kernel_creator_nn.sv                                                 ;
; ip/pattern_gen/simulation/submodules/mentor/src_hdl/alt_vip_scaler_kernel_creator_non_nn.sv                                             ;
; ip/pattern_gen/simulation/submodules/mentor/src_hdl/alt_vip_scaler_kernel_creator_step.sv                                               ;
; ip/pattern_gen/simulation/submodules/mentor/src_hdl/alt_vip_scaler_scheduler.sv                                                         ;
; ip/pattern_gen/simulation/submodules/mentor/src_hdl/alt_vip_tpg_alg_core.sv                                                             ;
; ip/pattern_gen/simulation/submodules/mentor/src_hdl/alt_vip_tpg_scheduler.sv                                                            ;
; ip/pattern_gen/simulation/submodules/mentor/src_hdl/alt_vip_video_input_bridge_cmd.sv                                                   ;
; ip/pattern_gen/simulation/submodules/mentor/src_hdl/alt_vip_video_input_bridge_resp.sv                                                  ;
; ip/pattern_gen/simulation/submodules/mentor/src_hdl/alt_vip_video_output_bridge.sv                                                      ;
; ip/pattern_gen/simulation/submodules/pattern_gen_alt_vip_cl_cvo_0.v                                                                     ;
; ip/pattern_gen/simulation/submodules/pattern_gen_alt_vip_cl_cvo_0_video_in.v                                                            ;
; ip/pattern_gen/simulation/submodules/pattern_gen_alt_vip_cl_scl_0.v                                                                     ;
; ip/pattern_gen/simulation/submodules/pattern_gen_alt_vip_cl_scl_0_scaler_core_0.v                                                       ;
; ip/pattern_gen/simulation/submodules/pattern_gen_alt_vip_cl_tpg_0.v                                                                     ;
; ip/pattern_gen/simulation/submodules/pattern_gen_master_0.v                                                                             ;
; ip/pattern_gen/simulation/submodules/pattern_gen_master_0_b2p_adapter.sv                                                                ;
; ip/pattern_gen/simulation/submodules/pattern_gen_master_0_p2b_adapter.sv                                                                ;
; ip/pattern_gen/simulation/submodules/pattern_gen_master_0_timing_adt.sv                                                                 ;
; ip/pattern_gen/simulation/submodules/pattern_gen_mm_interconnect_0.v                                                                    ;
; ip/pattern_gen/simulation/submodules/pattern_gen_mm_interconnect_0_avalon_st_adapter.v                                                  ;
; ip/pattern_gen/simulation/submodules/pattern_gen_mm_interconnect_0_avalon_st_adapter_error_adapter_0.sv                                 ;
; ip/pattern_gen/simulation/submodules/pattern_gen_mm_interconnect_0_cmd_demux.sv                                                         ;
; ip/pattern_gen/simulation/submodules/pattern_gen_mm_interconnect_0_cmd_mux.sv                                                           ;
; ip/pattern_gen/simulation/submodules/pattern_gen_mm_interconnect_0_router.sv                                                            ;
; ip/pattern_gen/simulation/submodules/pattern_gen_mm_interconnect_0_router_002.sv                                                        ;
; ip/pattern_gen/simulation/submodules/pattern_gen_mm_interconnect_0_rsp_demux.sv                                                         ;
; ip/pattern_gen/simulation/submodules/pattern_gen_mm_interconnect_0_rsp_mux.sv                                                           ;
; ip/pattern_gen/simulation/submodules/verbosity_pkg.sv                                                                                   ;
; ip/pattern_gen/simulation/synopsys/vcs/vcs_setup.sh                                                                                     ;
; ip/pattern_gen/simulation/synopsys/vcsmx/synopsys_sim.setup                                                                             ;
; ip/pattern_gen/simulation/synopsys/vcsmx/vcsmx_setup.sh                                                                                 ;
; ip/pattern_gen/synthesis/pattern_gen.debuginfo                                                                                          ;
; ip/pattern_gen/synthesis/pattern_gen.qip                                                                                                ;
; ip/pattern_gen/synthesis/pattern_gen.v                                                                                                  ;
; ip/pattern_gen/synthesis/submodules/alt_vip_cvo_core.sdc                                                                                ;
; ip/pattern_gen/synthesis/submodules/altera_avalon_mm_master_bfm.sv                                                                      ;
; ip/pattern_gen/synthesis/submodules/altera_avalon_packets_to_master.v                                                                   ;
; ip/pattern_gen/synthesis/submodules/altera_avalon_sc_fifo.v                                                                             ;
; ip/pattern_gen/synthesis/submodules/altera_avalon_st_bytes_to_packets.v                                                                 ;
; ip/pattern_gen/synthesis/submodules/altera_avalon_st_clock_crosser.v                                                                    ;
; ip/pattern_gen/synthesis/submodules/altera_avalon_st_idle_inserter.v                                                                    ;
; ip/pattern_gen/synthesis/submodules/altera_avalon_st_idle_remover.v                                                                     ;
; ip/pattern_gen/synthesis/submodules/altera_avalon_st_jtag_interface.sdc                                                                 ;
; ip/pattern_gen/synthesis/submodules/altera_avalon_st_jtag_interface.v                                                                   ;
; ip/pattern_gen/synthesis/submodules/altera_avalon_st_packets_to_bytes.v                                                                 ;
; ip/pattern_gen/synthesis/submodules/altera_avalon_st_pipeline_base.v                                                                    ;
; ip/pattern_gen/synthesis/submodules/altera_avalon_st_pipeline_stage.sv                                                                  ;
; ip/pattern_gen/synthesis/submodules/altera_default_burst_converter.sv                                                                   ;
; ip/pattern_gen/synthesis/submodules/altera_incr_burst_converter.sv                                                                      ;
; ip/pattern_gen/synthesis/submodules/altera_jtag_dc_streaming.v                                                                          ;
; ip/pattern_gen/synthesis/submodules/altera_jtag_sld_node.v                                                                              ;
; ip/pattern_gen/synthesis/submodules/altera_jtag_streaming.v                                                                             ;
; ip/pattern_gen/synthesis/submodules/altera_merlin_address_alignment.sv                                                                  ;
; ip/pattern_gen/synthesis/submodules/altera_merlin_arbitrator.sv                                                                         ;
; ip/pattern_gen/synthesis/submodules/altera_merlin_burst_adapter.sv                                                                      ;
; ip/pattern_gen/synthesis/submodules/altera_merlin_burst_adapter_13_1.sv                                                                 ;
; ip/pattern_gen/synthesis/submodules/altera_merlin_burst_adapter_new.sv                                                                  ;
; ip/pattern_gen/synthesis/submodules/altera_merlin_burst_adapter_uncmpr.sv                                                               ;
; ip/pattern_gen/synthesis/submodules/altera_merlin_burst_uncompressor.sv                                                                 ;
; ip/pattern_gen/synthesis/submodules/altera_merlin_master_agent.sv                                                                       ;
; ip/pattern_gen/synthesis/submodules/altera_merlin_master_translator.sv                                                                  ;
; ip/pattern_gen/synthesis/submodules/altera_merlin_reorder_memory.sv                                                                     ;
; ip/pattern_gen/synthesis/submodules/altera_merlin_slave_agent.sv                                                                        ;
; ip/pattern_gen/synthesis/submodules/altera_merlin_slave_translator.sv                                                                   ;
; ip/pattern_gen/synthesis/submodules/altera_merlin_traffic_limiter.sv                                                                    ;
; ip/pattern_gen/synthesis/submodules/altera_reset_controller.sdc                                                                         ;
; ip/pattern_gen/synthesis/submodules/altera_reset_controller.v                                                                           ;
; ip/pattern_gen/synthesis/submodules/altera_reset_synchronizer.v                                                                         ;
; ip/pattern_gen/synthesis/submodules/altera_std_synchronizer_nocut.v                                                                     ;
; ip/pattern_gen/synthesis/submodules/altera_wrap_burst_converter.sv                                                                      ;
; ip/pattern_gen/synthesis/submodules/avalon_mm_pkg.sv                                                                                    ;
; ip/pattern_gen/synthesis/submodules/avalon_utilities_pkg.sv                                                                             ;
; ip/pattern_gen/synthesis/submodules/common/alt_vip_common_pkg.sv                                                                        ;
; ip/pattern_gen/synthesis/submodules/modules/alt_vip_common_edge_detect_chain/src_hdl/alt_vip_common_edge_detect_chain.sv                ;
; ip/pattern_gen/synthesis/submodules/modules/alt_vip_common_event_packet_decode/src_hdl/alt_vip_common_event_packet_decode.sv            ;
; ip/pattern_gen/synthesis/submodules/modules/alt_vip_common_event_packet_encode/src_hdl/alt_vip_common_event_packet_encode.sv            ;
; ip/pattern_gen/synthesis/submodules/modules/alt_vip_common_fifo/src_hdl/alt_vip_common_fifo.sdc                                         ;
; ip/pattern_gen/synthesis/submodules/modules/alt_vip_common_fifo/src_hdl/alt_vip_common_fifo.v                                           ;
; ip/pattern_gen/synthesis/submodules/modules/alt_vip_common_fifo2/src_hdl/alt_vip_common_fifo2.sdc                                       ;
; ip/pattern_gen/synthesis/submodules/modules/alt_vip_common_fifo2/src_hdl/alt_vip_common_fifo2.sv                                        ;
; ip/pattern_gen/synthesis/submodules/modules/alt_vip_common_frame_counter/src_hdl/alt_vip_common_frame_counter.v                         ;
; ip/pattern_gen/synthesis/submodules/modules/alt_vip_common_generic_step_count/src_hdl/alt_vip_common_generic_step_count.v               ;
; ip/pattern_gen/synthesis/submodules/modules/alt_vip_common_h_kernel/src_hdl/alt_vip_common_h_kernel.sv                                  ;
; ip/pattern_gen/synthesis/submodules/modules/alt_vip_common_h_kernel/src_hdl/alt_vip_common_h_kernel_par.sv                              ;
; ip/pattern_gen/synthesis/submodules/modules/alt_vip_common_h_kernel/src_hdl/alt_vip_common_h_kernel_seq.sv                              ;
; ip/pattern_gen/synthesis/submodules/modules/alt_vip_common_mirror/src_hdl/alt_vip_common_mirror.sv                                      ;
; ip/pattern_gen/synthesis/submodules/modules/alt_vip_common_mult_add/src_hdl/alt_vip_common_mult_add.sv                                  ;
; ip/pattern_gen/synthesis/submodules/modules/alt_vip_common_sample_counter/src_hdl/alt_vip_common_sample_counter.v                       ;
; ip/pattern_gen/synthesis/submodules/modules/alt_vip_common_slave_interface/src_hdl/alt_vip_common_slave_interface.sv                    ;
; ip/pattern_gen/synthesis/submodules/modules/alt_vip_common_slave_interface/src_hdl/alt_vip_common_slave_interface_mux.sv                ;
; ip/pattern_gen/synthesis/submodules/modules/alt_vip_common_sop_align/src_hdl/alt_vip_common_sop_align.sv                                ;
; ip/pattern_gen/synthesis/submodules/modules/alt_vip_common_sync/src_hdl/alt_vip_common_sync.v                                           ;
; ip/pattern_gen/synthesis/submodules/modules/alt_vip_common_sync_generation/src_hdl/alt_vip_common_sync_generation.v                     ;
; ip/pattern_gen/synthesis/submodules/modules/alt_vip_common_to_binary/src_hdl/alt_vip_common_to_binary.v                                 ;
; ip/pattern_gen/synthesis/submodules/modules/alt_vip_common_trigger_sync/src_hdl/alt_vip_common_trigger_sync.v                           ;
; ip/pattern_gen/synthesis/submodules/modules/alt_vip_common_video_packet_decode/src_hdl/alt_vip_common_latency_1_to_latency_0.sv         ;
; ip/pattern_gen/synthesis/submodules/modules/alt_vip_common_video_packet_decode/src_hdl/alt_vip_common_video_packet_decode.sv            ;
; ip/pattern_gen/synthesis/submodules/modules/alt_vip_common_video_packet_encode/src_hdl/alt_vip_common_latency_0_to_latency_1.sv         ;
; ip/pattern_gen/synthesis/submodules/modules/alt_vip_common_video_packet_encode/src_hdl/alt_vip_common_video_packet_empty.sv             ;
; ip/pattern_gen/synthesis/submodules/modules/alt_vip_common_video_packet_encode/src_hdl/alt_vip_common_video_packet_encode.sv            ;
; ip/pattern_gen/synthesis/submodules/pattern_gen_alt_vip_cl_cvo_0.v                                                                      ;
; ip/pattern_gen/synthesis/submodules/pattern_gen_alt_vip_cl_cvo_0_video_in.v                                                             ;
; ip/pattern_gen/synthesis/submodules/pattern_gen_alt_vip_cl_scl_0.v                                                                      ;
; ip/pattern_gen/synthesis/submodules/pattern_gen_alt_vip_cl_scl_0_scaler_core_0.v                                                        ;
; ip/pattern_gen/synthesis/submodules/pattern_gen_alt_vip_cl_tpg_0.v                                                                      ;
; ip/pattern_gen/synthesis/submodules/pattern_gen_master_0.v                                                                              ;
; ip/pattern_gen/synthesis/submodules/pattern_gen_master_0_b2p_adapter.sv                                                                 ;
; ip/pattern_gen/synthesis/submodules/pattern_gen_master_0_p2b_adapter.sv                                                                 ;
; ip/pattern_gen/synthesis/submodules/pattern_gen_master_0_timing_adt.sv                                                                  ;
; ip/pattern_gen/synthesis/submodules/pattern_gen_mm_interconnect_0.v                                                                     ;
; ip/pattern_gen/synthesis/submodules/pattern_gen_mm_interconnect_0_avalon_st_adapter.v                                                   ;
; ip/pattern_gen/synthesis/submodules/pattern_gen_mm_interconnect_0_avalon_st_adapter_error_adapter_0.sv                                  ;
; ip/pattern_gen/synthesis/submodules/pattern_gen_mm_interconnect_0_cmd_demux.sv                                                          ;
; ip/pattern_gen/synthesis/submodules/pattern_gen_mm_interconnect_0_cmd_mux.sv                                                            ;
; ip/pattern_gen/synthesis/submodules/pattern_gen_mm_interconnect_0_router.sv                                                             ;
; ip/pattern_gen/synthesis/submodules/pattern_gen_mm_interconnect_0_router_002.sv                                                         ;
; ip/pattern_gen/synthesis/submodules/pattern_gen_mm_interconnect_0_rsp_demux.sv                                                          ;
; ip/pattern_gen/synthesis/submodules/pattern_gen_mm_interconnect_0_rsp_mux.sv                                                            ;
; ip/pattern_gen/synthesis/submodules/src_hdl/alt_vip_control_slave.sv                                                                    ;
; ip/pattern_gen/synthesis/submodules/src_hdl/alt_vip_cvo_calculate_mode.v                                                                ;
; ip/pattern_gen/synthesis/submodules/src_hdl/alt_vip_cvo_core.ocp                                                                        ;
; ip/pattern_gen/synthesis/submodules/src_hdl/alt_vip_cvo_core.sv                                                                         ;
; ip/pattern_gen/synthesis/submodules/src_hdl/alt_vip_cvo_mode_banks.sv                                                                   ;
; ip/pattern_gen/synthesis/submodules/src_hdl/alt_vip_cvo_scheduler.ocp                                                                   ;
; ip/pattern_gen/synthesis/submodules/src_hdl/alt_vip_cvo_scheduler.sv                                                                    ;
; ip/pattern_gen/synthesis/submodules/src_hdl/alt_vip_cvo_statemachine.sv                                                                 ;
; ip/pattern_gen/synthesis/submodules/src_hdl/alt_vip_cvo_stream_marker.sv                                                                ;
; ip/pattern_gen/synthesis/submodules/src_hdl/alt_vip_cvo_sync_compare.v                                                                  ;
; ip/pattern_gen/synthesis/submodules/src_hdl/alt_vip_cvo_sync_conditioner.sv                                                             ;
; ip/pattern_gen/synthesis/submodules/src_hdl/alt_vip_cvo_sync_generation.sv                                                              ;
; ip/pattern_gen/synthesis/submodules/src_hdl/alt_vip_line_buffer.sv                                                                      ;
; ip/pattern_gen/synthesis/submodules/src_hdl/alt_vip_line_buffer_controller.sv                                                           ;
; ip/pattern_gen/synthesis/submodules/src_hdl/alt_vip_line_buffer_mem_block.sv                                                            ;
; ip/pattern_gen/synthesis/submodules/src_hdl/alt_vip_line_buffer_multicaster.sv                                                          ;
; ip/pattern_gen/synthesis/submodules/src_hdl/alt_vip_packet_demux.sv                                                                     ;
; ip/pattern_gen/synthesis/submodules/src_hdl/alt_vip_packet_mux.sv                                                                       ;
; ip/pattern_gen/synthesis/submodules/src_hdl/alt_vip_pip_converter_core.sv                                                               ;
; ip/pattern_gen/synthesis/submodules/src_hdl/alt_vip_pip_sop_realign.sv                                                                  ;
; ip/pattern_gen/synthesis/submodules/src_hdl/alt_vip_scaler_alg_core.ocp                                                                 ;
; ip/pattern_gen/synthesis/submodules/src_hdl/alt_vip_scaler_alg_core.sv                                                                  ;
; ip/pattern_gen/synthesis/submodules/src_hdl/alt_vip_scaler_alg_core_bilinear_channel.sv                                                 ;
; ip/pattern_gen/synthesis/submodules/src_hdl/alt_vip_scaler_alg_core_bilinear_coeffs.sv                                                  ;
; ip/pattern_gen/synthesis/submodules/src_hdl/alt_vip_scaler_alg_core_controller.sv                                                       ;
; ip/pattern_gen/synthesis/submodules/src_hdl/alt_vip_scaler_alg_core_edge_detect.sv                                                      ;
; ip/pattern_gen/synthesis/submodules/src_hdl/alt_vip_scaler_alg_core_horizontal_channel.sv                                               ;
; ip/pattern_gen/synthesis/submodules/src_hdl/alt_vip_scaler_alg_core_nn_channel.sv                                                       ;
; ip/pattern_gen/synthesis/submodules/src_hdl/alt_vip_scaler_alg_core_realign.sv                                                          ;
; ip/pattern_gen/synthesis/submodules/src_hdl/alt_vip_scaler_alg_core_step_coeff.sv                                                       ;
; ip/pattern_gen/synthesis/submodules/src_hdl/alt_vip_scaler_alg_core_step_line.sv                                                        ;
; ip/pattern_gen/synthesis/submodules/src_hdl/alt_vip_scaler_alg_core_vertical_channel.sv                                                 ;
; ip/pattern_gen/synthesis/submodules/src_hdl/alt_vip_scaler_kernel_creator.ocp                                                           ;
; ip/pattern_gen/synthesis/submodules/src_hdl/alt_vip_scaler_kernel_creator.sv                                                            ;
; ip/pattern_gen/synthesis/submodules/src_hdl/alt_vip_scaler_kernel_creator_div.sv                                                        ;
; ip/pattern_gen/synthesis/submodules/src_hdl/alt_vip_scaler_kernel_creator_nn.sv                                                         ;
; ip/pattern_gen/synthesis/submodules/src_hdl/alt_vip_scaler_kernel_creator_non_nn.sv                                                     ;
; ip/pattern_gen/synthesis/submodules/src_hdl/alt_vip_scaler_kernel_creator_step.sv                                                       ;
; ip/pattern_gen/synthesis/submodules/src_hdl/alt_vip_scaler_scheduler.ocp                                                                ;
; ip/pattern_gen/synthesis/submodules/src_hdl/alt_vip_scaler_scheduler.sv                                                                 ;
; ip/pattern_gen/synthesis/submodules/src_hdl/alt_vip_tpg_alg_core.ocp                                                                    ;
; ip/pattern_gen/synthesis/submodules/src_hdl/alt_vip_tpg_alg_core.sv                                                                     ;
; ip/pattern_gen/synthesis/submodules/src_hdl/alt_vip_tpg_scheduler.ocp                                                                   ;
; ip/pattern_gen/synthesis/submodules/src_hdl/alt_vip_tpg_scheduler.sv                                                                    ;
; ip/pattern_gen/synthesis/submodules/src_hdl/alt_vip_video_input_bridge_cmd.sv                                                           ;
; ip/pattern_gen/synthesis/submodules/src_hdl/alt_vip_video_input_bridge_resp.sv                                                          ;
; ip/pattern_gen/synthesis/submodules/src_hdl/alt_vip_video_output_bridge.ocp                                                             ;
; ip/pattern_gen/synthesis/submodules/src_hdl/alt_vip_video_output_bridge.sv                                                              ;
; ip/pattern_gen/synthesis/submodules/verbosity_pkg.sv                                                                                    ;
; ip/pll/pll.cmp                                                                                                                          ;
; ip/pll/pll.qip                                                                                                                          ;
; ip/pll/pll.sip                                                                                                                          ;
; ip/pll/pll.spd                                                                                                                          ;
; ip/pll/pll.v                                                                                                                            ;
; ip/pll/pll/pll_0002.qip                                                                                                                 ;
; ip/pll/pll/pll_0002.v                                                                                                                   ;
; ip/pll/pll_sim/pll.vo                                                                                                                   ;
; nios.sopcinfo                                                                                                                           ;
; output_files/Spf5.spf                                                                                                                   ;
; output_files/mtl_source.spf                                                                                                             ;
; pattern_gen.sopcinfo                                                                                                                    ;
; rtl/MTL_Driver.v                                                                                                                        ;
; rtl/claire_top.v                                                                                                                        ;
; rtl/cmos_decode.v                                                                                                                       ;
; rtl/driver_definitions.sv                                                                                                               ;
; rtl/scfifo_wrapper.sv                                                                                                                   ;
; simulation/modelsim/claire_top.vt                                                                                                       ;
; simulation/modelsim/tb_ar0134.v                                                                                                         ;
; stp1.stp                                                                                                                                ;
; tcl/AD9889B_config_script.tcl                                                                                                           ;
; tcl/i2c_config.tcl                                                                                                                      ;
; tcl/input_AD9889B.txt                                                                                                                   ;
; tcl/input_AR0134.txt                                                                                                                    ;
; tcl/vip.tcl                                                                                                                             ;
+-----------------------------------------------------------------------------------------------------------------------------------------+


+--------------------+
; Files Not Restored ;
+--------------------+
; File Name          ;
+--------------------+


